    0  INTVECT:MODNUM
    1  INTVECT:MODCSRA
    2  INTVECT:MODCSRB
    3  INTVECT:MODFORMAT
    4  INTVECT:SUMDAC
    5  INTVECT:RUNTASK
    6  INTVECT:CONTROLTASK
    7  INTVECT:MAXEVENTS
    8  INTVECT:COINCPATTERN
    9  INTVECT:COINCWAIT
   10  INTVECT:SYNCHWAIT
   11  INTVECT:INSYNCH
   12  INTVECT:HOSTIO
   16  INTVECT:RESUME
   17  INTVECT:FILTERRANGE
   18  INTVECT:MODULEPATTERN
   19  INTVECT:NNSHAREPATTERN
   20  INTVECT:CHANNUM
   21  INTVECT:MODCSRC
   22  INTVECT:DBLBUFCSR
   23  INTVECT:U00
   43  INTVECT:PDMMASKA
   44  INTVECT:PDMMASKB
   45  INTVECT:PDMMASKC
   46  INTVECT:XETDELAY
   47  INTVECT:XDATLENGTH
   48  INTVECT:USERIN
   64  INTVECT:CHANCSRA0
   65  INTVECT:CHANCSRB0
   66  INTVECT:GAINDAC0
   67  INTVECT:TRACKDAC0
   68  INTVECT:SGA0
   69  INTVECT:DIGGAIN0
   70  INTVECT:UNUSEDA0
   72  INTVECT:SLOWLENGTH0
   73  INTVECT:SLOWGAP0
   74  INTVECT:FASTLENGTH0
   75  INTVECT:FASTGAP0
   76  INTVECT:PEAKSAMPLE0
   77  INTVECT:PEAKSEP0
   78  INTVECT:USERDELAY0
   79  INTVECT:FASTTHRESH0
   80  INTVECT:MINWIDTH0
   81  INTVECT:MAXWIDTH0
   82  INTVECT:PAFLENGTH0
   83  INTVECT:TRIGGERDELAY0
   84  INTVECT:RESETDELAY0
   85  INTVECT:FTPWIDTH0
   86  INTVECT:TRACELENGTH0
   87  INTVECT:XWAIT0
   88  INTVECT:ENERGYLOW0
   89  INTVECT:LOG2EBIN0
   90  INTVECT:CFDTHR0
   91  INTVECT:PSAOFFSET0
   92  INTVECT:PSALENGTH0
   93  INTVECT:INTEGRATOR0
   94  INTVECT:BLCUT0
   95  INTVECT:BASELINEPERCENT0
   96  INTVECT:XAVG0
   97  INTVECT:CHANCSRC0
   98  INTVECT:GATEWINDOW0
   99  INTVECT:GATEDELAY0
  100  INTVECT:LOGPSMGAINAVGLEN0
  101  INTVECT:LOGPSMTEMPAVGLEN0
  102  INTVECT:UNUSEDB0
  107  INTVECT:COINCDELAY0
  108  INTVECT:CFDREG0
  109  INTVECT:LOG2BWEIGHT0
  110  INTVECT:PREAMPTAUA0
  111  INTVECT:PREAMPTAUB0
  112  INTVECT:CHANCSRA1
  113  INTVECT:CHANCSRB1
  114  INTVECT:GAINDAC1
  115  INTVECT:TRACKDAC1
  116  INTVECT:SGA1
  117  INTVECT:DIGGAIN1
  118  INTVECT:UNUSEDA1
  120  INTVECT:SLOWLENGTH1
  121  INTVECT:SLOWGAP1
  122  INTVECT:FASTLENGTH1
  123  INTVECT:FASTGAP1
  124  INTVECT:PEAKSAMPLE1
  125  INTVECT:PEAKSEP1
  126  INTVECT:USERDELAY1
  127  INTVECT:FASTTHRESH1
  128  INTVECT:MINWIDTH1
  129  INTVECT:MAXWIDTH1
  130  INTVECT:PAFLENGTH1
  131  INTVECT:TRIGGERDELAY1
  132  INTVECT:RESETDELAY1
  133  INTVECT:FTPWIDTH1
  134  INTVECT:TRACELENGTH1
  135  INTVECT:XWAIT1
  136  INTVECT:ENERGYLOW1
  137  INTVECT:LOG2EBIN1
  138  INTVECT:CFDTHR1
  139  INTVECT:PSAOFFSET1
  140  INTVECT:PSALENGTH1
  141  INTVECT:INTEGRATOR1
  142  INTVECT:BLCUT1
  143  INTVECT:BASELINEPERCENT1
  144  INTVECT:XAVG1
  145  INTVECT:CHANCSRC1
  146  INTVECT:GATEWINDOW1
  147  INTVECT:GATEDELAY1
  148  INTVECT:LOGPSMGAINAVGLEN1
  149  INTVECT:LOGPSMTEMPAVGLEN1
  150  INTVECT:UNUSEDB1
  155  INTVECT:COINCDELAY1
  156  INTVECT:CFDREG1
  157  INTVECT:LOG2BWEIGHT1
  158  INTVECT:PREAMPTAUA1
  159  INTVECT:PREAMPTAUB1
  160  INTVECT:CHANCSRA2
  161  INTVECT:CHANCSRB2
  162  INTVECT:GAINDAC2
  163  INTVECT:TRACKDAC2
  164  INTVECT:SGA2
  165  INTVECT:DIGGAIN2
  166  INTVECT:UNUSEDA2
  168  INTVECT:SLOWLENGTH2
  169  INTVECT:SLOWGAP2
  170  INTVECT:FASTLENGTH2
  171  INTVECT:FASTGAP2
  172  INTVECT:PEAKSAMPLE2
  173  INTVECT:PEAKSEP2
  174  INTVECT:USERDELAY2
  175  INTVECT:FASTTHRESH2
  176  INTVECT:MINWIDTH2
  177  INTVECT:MAXWIDTH2
  178  INTVECT:PAFLENGTH2
  179  INTVECT:TRIGGERDELAY2
  180  INTVECT:RESETDELAY2
  181  INTVECT:FTPWIDTH2
  182  INTVECT:TRACELENGTH2
  183  INTVECT:XWAIT2
  184  INTVECT:ENERGYLOW2
  185  INTVECT:LOG2EBIN2
  186  INTVECT:CFDTHR2
  187  INTVECT:PSAOFFSET2
  188  INTVECT:PSALENGTH2
  189  INTVECT:INTEGRATOR2
  190  INTVECT:BLCUT2
  191  INTVECT:BASELINEPERCENT2
  192  INTVECT:XAVG2
  193  INTVECT:CHANCSRC2
  194  INTVECT:GATEWINDOW2
  195  INTVECT:GATEDELAY2
  196  INTVECT:LOGPSMGAINAVGLEN2
  197  INTVECT:LOGPSMTEMPAVGLEN2
  198  INTVECT:UNUSEDB2
  203  INTVECT:COINCDELAY2
  204  INTVECT:CFDREG2
  205  INTVECT:LOG2BWEIGHT2
  206  INTVECT:PREAMPTAUA2
  207  INTVECT:PREAMPTAUB2
  208  INTVECT:CHANCSRA3
  209  INTVECT:CHANCSRB3
  210  INTVECT:GAINDAC3
  211  INTVECT:TRACKDAC3
  212  INTVECT:SGA3
  213  INTVECT:DIGGAIN3
  214  INTVECT:UNUSEDA3
  216  INTVECT:SLOWLENGTH3
  217  INTVECT:SLOWGAP3
  218  INTVECT:FASTLENGTH3
  219  INTVECT:FASTGAP3
  220  INTVECT:PEAKSAMPLE3
  221  INTVECT:PEAKSEP3
  222  INTVECT:USERDELAY3
  223  INTVECT:FASTTHRESH3
  224  INTVECT:MINWIDTH3
  225  INTVECT:MAXWIDTH3
  226  INTVECT:PAFLENGTH3
  227  INTVECT:TRIGGERDELAY3
  228  INTVECT:RESETDELAY3
  229  INTVECT:FTPWIDTH3
  230  INTVECT:TRACELENGTH3
  231  INTVECT:XWAIT3
  232  INTVECT:ENERGYLOW3
  233  INTVECT:LOG2EBIN3
  234  INTVECT:CFDTHR3
  235  INTVECT:PSAOFFSET3
  236  INTVECT:PSALENGTH3
  237  INTVECT:INTEGRATOR3
  238  INTVECT:BLCUT3
  239  INTVECT:BASELINEPERCENT3
  240  INTVECT:XAVG3
  241  INTVECT:CHANCSRC3
  242  INTVECT:GATEWINDOW3
  243  INTVECT:GATEDELAY3
  244  INTVECT:LOGPSMGAINAVGLEN3
  245  INTVECT:LOGPSMTEMPAVGLEN3
  246  INTVECT:UNUSEDB3
  251  INTVECT:COINCDELAY3
  252  INTVECT:CFDREG3
  253  INTVECT:LOG2BWEIGHT3
  254  INTVECT:PREAMPTAUA3
  255  INTVECT:PREAMPTAUB3
  256  INTVECT:DECIMATION
  257  INTVECT:REALTIMEA
  258  INTVECT:REALTIMEB
  259  INTVECT:REALTIMEC
  260  INTVECT:RUNTIMEA
  261  INTVECT:RUNTIMEB
  262  INTVECT:RUNTIMEC
  263  INTVECT:GSLTTIMEA
  264  INTVECT:GSLTTIMEB
  265  INTVECT:GSLTTIMEC
  266  INTVECT:NUMEVENTSA
  267  INTVECT:NUMEVENTSB
  268  INTVECT:DSPERROR
  269  INTVECT:SYNCHDONE
  270  INTVECT:TEMPERATURE
  271  INTVECT:BUFHEADLEN
  272  INTVECT:EVENTHEADLEN
  273  INTVECT:CHANHEADLEN
  274  INTVECT:EMWORDS
  276  INTVECT:EMWORDS2
  278  INTVECT:TOTALTIMEA
  279  INTVECT:TOTALTIMEB
  280  INTVECT:TOTALTIMEC
  281  INTVECT:U14
  289  INTVECT:USEROUT
  305  INTVECT:AOUTBUFFER
  306  INTVECT:LOUTBUFFER
  307  INTVECT:U15
  311  INTVECT:HARDWAREID
  312  INTVECT:HARDVARIANT
  313  INTVECT:FIFOLENGTH
  314  INTVECT:FIPPIID
  315  INTVECT:FIPPIVARIANT
  316  INTVECT:INTRFCID
  317  INTVECT:INTRFCVARIANT
  318  INTVECT:DSPRELEASE
  319  INTVECT:DSPBUILD
  320  INTVECT:LIVETIMEA0
  321  INTVECT:LIVETIMEB0
  322  INTVECT:LIVETIMEC0
  323  INTVECT:FASTPEAKSA0
  324  INTVECT:FASTPEAKSB0
  325  INTVECT:FTDTA0
  326  INTVECT:FTDTB0
  327  INTVECT:FTDTC0
  328  INTVECT:SFDTA0
  329  INTVECT:SFDTB0
  330  INTVECT:SFDTC0
  331  INTVECT:GCOUNTA0
  332  INTVECT:GCOUNTB0
  333  INTVECT:NOUTA0
  334  INTVECT:NOUTB0
  335  INTVECT:GDTA0
  336  INTVECT:GDTB0
  337  INTVECT:GDTC0
  338  INTVECT:ICR0
  339  INTVECT:OORF0
  340  INTVECT:PSMGAINAVG0
  341  INTVECT:PSMTEMPAVG0
  342  INTVECT:UNUSEDC0
  344  INTVECT:LIVETIMEA1
  345  INTVECT:LIVETIMEB1
  346  INTVECT:LIVETIMEC1
  347  INTVECT:FASTPEAKSA1
  348  INTVECT:FASTPEAKSB1
  349  INTVECT:FTDTA1
  350  INTVECT:FTDTB1
  351  INTVECT:FTDTC1
  352  INTVECT:SFDTA1
  353  INTVECT:SFDTB1
  354  INTVECT:SFDTC1
  355  INTVECT:GCOUNTA1
  356  INTVECT:GCOUNTB1
  357  INTVECT:NOUTA1
  358  INTVECT:NOUTB1
  359  INTVECT:GDTA1
  360  INTVECT:GDTB1
  361  INTVECT:GDTC1
  362  INTVECT:ICR1
  363  INTVECT:OORF1
  364  INTVECT:PSMGAINAVG1
  365  INTVECT:PSMTEMPAVG1
  366  INTVECT:UNUSEDC1
  368  INTVECT:LIVETIMEA2
  369  INTVECT:LIVETIMEB2
  370  INTVECT:LIVETIMEC2
  371  INTVECT:FASTPEAKSA2
  372  INTVECT:FASTPEAKSB2
  373  INTVECT:FTDTA2
  374  INTVECT:FTDTB2
  375  INTVECT:FTDTC2
  376  INTVECT:SFDTA2
  377  INTVECT:SFDTB2
  378  INTVECT:SFDTC2
  379  INTVECT:GCOUNTA2
  380  INTVECT:GCOUNTB2
  381  INTVECT:NOUTA2
  382  INTVECT:NOUTB2
  383  INTVECT:GDTA2
  384  INTVECT:GDTB2
  385  INTVECT:GDTC2
  386  INTVECT:ICR2
  387  INTVECT:OORF2
  388  INTVECT:PSMGAINAVG2
  389  INTVECT:PSMTEMPAVG2
  390  INTVECT:UNUSEDC2
  392  INTVECT:LIVETIMEA3
  393  INTVECT:LIVETIMEB3
  394  INTVECT:LIVETIMEC3
  395  INTVECT:FASTPEAKSA3
  396  INTVECT:FASTPEAKSB3
  397  INTVECT:FTDTA3
  398  INTVECT:FTDTB3
  399  INTVECT:FTDTC3
  400  INTVECT:SFDTA3
  401  INTVECT:SFDTB3
  402  INTVECT:SFDTC3
  403  INTVECT:GCOUNTA3
  404  INTVECT:GCOUNTB3
  405  INTVECT:NOUTA3
  406  INTVECT:NOUTB3
  407  INTVECT:GDTA3
  408  INTVECT:GDTB3
  409  INTVECT:GDTC3
  410  INTVECT:ICR3
  411  INTVECT:OORF3
  412  INTVECT:PSMGAINAVG3
  413  INTVECT:PSMTEMPAVG3
  414  INTVECT:UNUSEDC3
  416  USER:SAVEI0
  417  USER:SAVEI1
  418  USER:SAVEI3
  419  USER:SAVEI4
  420  USER:SAVEL1
  421  USER:MYBUFFER
 1517  BASELINE:CH
 1518  BASELINE:BLCUT
 1519  BASELINE:BASEHISTO
 2031  BASELINE:BASENOISE
 2033  BASELINE:SAVEI0
 2034  BASELINE:STOPHISTO
 2035  BASELINE:REJECT
 2036  BASELINE:REJECTCOUNT
 2040  BASELINE:BNORM
 2042  BASELINE:FIPADDR
 2043  BASELINE:MYFLAG
 2044  BASELINE:SAVEI1
 2045  BASELINE:MYI0
 2046  BEGIN:RUNCHECK
 2047  EXTMEM:INTMASK
 2048  TESTSEGS:SCOPEBUFFER
 3072  BEGIN:INTMASK
 3073  BEGIN:XDEBUG
 3074  BEGIN:SAVEI5
 3075  BEGIN:OUTLENGTHNOTRACE
 3076  BEGIN:RAWLENGTHNOTRACE
 3077  BEGIN:RAWLENGTHTRACE
 3078  BEGIN:CIRCULAR
 3079  BEGIN:FIFO
 3080  BEGIN:LIST
 3081  BEGIN:PP_STOP
 3082  COEFF:EXM
 3085  COEFF:ELM
 3088  COEFF:EGM
 3091  COEFF:ELGM
 3094  COEFF:RBUF
 3097  COEFF:UPSHIFTFCOEF
 3104  COEFF:UPSHIFTXCOEF
 3111  COEFF:UPSHIFTBNORM
 3118  COEFF:SL
 3119  COEFF:SG
 3120  COEFF:DEC
 3121  COEFF:X
 3124  COEFF:ADDRECORR
 3125  COEFF:DIGG
 3126  COEFF:INT
 3127  COEFF:TAUFP
 3130  DOUBLEMATH:EXPDATA
 3160  DOUBLEMATH:VAL
 3163  DOUBLEMATH:XN
 3166  DOUBLEMATH:NV
 3167  DOUBLEMATH:Z
 3170  DOUBLEMATH:G
 3173  DOUBLEMATH:RES1
 3176  DOUBLEMATH:RES2
 3179  DOUBLEMATH:RES3
 3182  DOUBLEMATH:RES4
 3185  DOUBLEMATH:RES5
 3188  DOUBLEMATH:RES6
 3191  DOUBLEMATH:RES7
 3194  DOUBLEMATH:RES8
 3197  CONFIGURATION:CHANCOUNT
 3198  CONFIGURATION:MYMASK
 3199  CONFIGURATION:HW_CCSRA
 3200  CONFIGURATION:HW_CCSRC
 3201  CONFIGURATION:HW_SGA
 3202  CONFIGURATION:ACSR
 3203  CONFIGURATION:ACSRC
 3204  CONFIGURATION:ASL
 3205  CONFIGURATION:AFL
 3206  CONFIGURATION:APS
 3207  CONFIGURATION:ATHR
 3208  CONFIGURATION:AMINW
 3209  CONFIGURATION:APAF
 3210  CONFIGURATION:ATDEL
 3211  CONFIGURATION:ARDEL
 3212  CONFIGURATION:AFTPW
 3213  CONFIGURATION:PSEP
 3214  CONFIGURATION:DEC
 3215  CONFIGURATION:ACFDR
 3216  CONFIGURATION:AGDEL
 3217  CONFIGURATION:AGWIN
 3218  CONFIGURATION:ATRACELEN
 3219  CONFIGURATION:AUDEL
 3220  CONFIGURATION:ASGA
 3221  CONFIGURATION:POL
 3229  CONFIGURATION:FIP18
 3230  CONFIGURATION:HITMODVALUE
 3231  CONFIGURATION:PSEPMIN
 3232  CONFIGURATION:DECPERIOD
 3233  CONFIGURATION:FIPPICLEAR
 3234  CONFIGURATION:COUNT
 3235  CONFIGURATION:LOOPCOUNT
 3236  CONFIGURATION:DACVALUE
 3237  CONFIGURATION:DACSTEP
 3238  CONFIGURATION:BUFADDR
 3239  CONFIGURATION:TDAC
 3243  CONFIGURATION:CSR
 3247  CONFIGURATION:LOG2B
 3251  CONFIGURATION:ROFF
 3255  CONFIGURATION:SUCESSMASK
 3256  CONFIGURATION:RCHAN
 3257  CONFIGURATION:FIRSTDAC
 3258  CONFIGURATION:SAVEI0
 3259  CONFIGURATION:SAVEI1
 3260  CONFIGURATION:DNLK
 3261  CONFIGURATION:DNLREP
 3262  INTVECT:RT0A
 3263  INTVECT:RT0B
 3264  INTVECT:RT0C
 3265  INTVECT:PRTA
 3266  INTVECT:PRTB
 3267  INTVECT:PRTC
 3268  INTVECT:STNRA
 3269  INTVECT:STNRB
 3270  INTVECT:STNRC
 3271  INTVECT:RUNACTIVE
 3272  INTVECT:RUNTYPE
 3273  INTVECT:RAWBUFFER
 3274  INTVECT:RAWBUFLEN
 3275  INTVECT:RAWBUFTOP
 3276  INTVECT:RAWBUFEND
 3277  INTVECT:RAWBUFFIRST
 3278  INTVECT:RAWBUFLAST
 3279  INTVECT:RAWCHANLENGTH
 3283  INTVECT:RAWLENGTH
 3284  INTVECT:OUTBUFFER
 3285  INTVECT:OUTBUFLEN
 3286  INTVECT:OUTBUFTOP
 3287  INTVECT:OUTBUFEND
 3288  INTVECT:OUTBUFLAST
 3289  INTVECT:OUTLENGTH
 3290  INTVECT:OUTCHANLENGTH
 3294  INTVECT:NEWEVENTDATA
 3295  INTVECT:NCHANNELS
 3296  INTVECT:ATSTART
 3297  INTVECT:TLEN
 3298  INTVECT:ENERGY
 3299  INTVECT:URETVAL
 3305  INTVECT:USERACTIVE
 3306  INTVECT:NEWRUN
 3310  INTVECT:B0B1
 3316  INTVECT:B0B1AVG
 3340  INTVECT:FIPPIADDR
 3345  INTVECT:FIFOADDR
 3349  INTVECT:BASECUT
 3353  INTVECT:ENERGYCORR
 3397  INTVECT:ALLMCACTRL
 3413  INTVECT:DCOFFSET
 3417  INTVECT:INEVENTLOOP
 3418  INTVECT:PROCESSINGDONE
 3419  INTVECT:CHREADMASK
 3420  INTVECT:ALWAYSMASK
 3421  INTVECT:RUNEVENTS
 3423  INTVECT:MPCTRL
 3475  INTVECT:MPCTRLMCA
 3483  INTVECT:INTCTRLZDT
 3499  INTVECT:COMPRESSION
 3500  INTVECT:GROUPCLEAR
 3501  INTVECT:EXTPAGE
 3502  INTVECT:EPSDT
 3503  INTVECT:NUMPERIODIC
 3504  INTVECT:FIRSTDELTADAC
 3507  INTVECT:GETBASERET
 3511  INTVECT:PSARESULT
 3512  INTVECT:URETNUM
 3513  INTVECT:UGLOBALS
 3545  INTVECT:USKIPHISTO
 3546  INTVECT:USKIPEVENT
 3547  INTVECT:HITPATTERN
 3548  INTVECT:E0L
 3549  INTVECT:E0H
 3550  INTVECT:E1L
 3551  INTVECT:E1H
 3552  INTVECT:EGL
 3553  INTVECT:EGH
 3554  INTVECT:CCSRB
 3555  INTVECT:DIGGAIN
 3556  INTVECT:FIPPICHCTRL
 3560  INTVECT:KEEPADDR
 3561  INTVECT:KEEPCSR
 3562  INTVECT:NUMBUF
 3563  INTVECT:ODDWORDFLAG
 3564  INTVECT:ODDWORD
 3565  INTVECT:EMDONE
 3566  INTVECT:MCOINCCSRSET
 3567  INTVECT:MCOINCCSRCLR
 3568  INTVECT:EMADDRESS
 3570  INTVECT:EMBASEADDRESS
 3571  INTVECT:MAXTRANSFERS
 3572  INTVECT:ECLOVER
 3576  INTVECT:NOIOINPERIODIC
 3577  INTVECT:EVTIMEL
 3578  INTVECT:EVTIMEM
 3579  INTVECT:CHTIMEL
 3580  INTVECT:TRACE4XWAIT
 3581  INTVECT:TRACE4XBITS
 3582  INTVECT:WALLCLOCKADDR
 3583  INTVECT:EVENTTIMELADDR
 3584  INTVECT:EVENTTIMEHADDR
 3585  INTVECT:SAUNAGAMMABINFACTOR
 3586  INTVECT:SAUNABETABINFACTOR
 3587  INTVECT:SAVEI1
 3588  INTVECT:SAVEI2
 3589  INTVECT:SAVEL2
 3590  INTVECT:SAVEI6
 3591  INTVECT:SAVEI5
 3592  INTVECT:SAVEM7
 3593  INTVECT:HIT
 3594  INTVECT:HITCLEAR
 3595  INTVECT:I6NOW
 3596  INTVECT:I6NEW
 3597  INTVECT:TIMESTAMP
 3598  INTVECT:CHANNEL
 3599  INTVECT:MYTIME
 3600  INTVECT:HELLO
 3601  INTVECT:AHIT
 3602  INTVECT:ACHANN
 3603  INTVECT:MODHIT
 3604  INTVECT:REJECT
 3605  INTVECT:GSFLT
 3606  INTVECT:DEBUG
 3621  INTVECT:TEMPSUM
 3622  INTVECT:NUMTEMPREADS
 3623  INTVECT:HALFTEMP
 3624  MAIN:HIT
 3625  MAIN:CHBIT
 3626  MAIN:CHNUM
 3627  MULTIPAR:CHANNEL
 3628  MULTIPAR:LOG2EBIN
 3629  MULTIPAR:PUCVAL
 3630  MULTIPAR:TARR
 3631  MULTIPAR:I4OLD
 3632  MULTIPAR:I3OLD
 3633  MULTIPAR:I2OLD
 3634  MULTIPAR:I1OLD
 3635  MULTIPAR:I0OLD
 3636  MULTIPAR:CHLEN
 3637  MULTIPAR:EQUAL
 3638  MULTIPAR:LASTI1
 3639  MULTIPAR:CURRENTI3
 3640  MULTIPAR:AENERGY
 3641  MULTIPAR:CCSRA
 3642  MULTIPAR:ACCSRA
 3643  MULTIPAR:SPLEN
 3644  MULTIPAR:EMIN
 3645  MULTIPAR:ANATSTART
 3646  MULTIPAR:ANATLENGTH
 3647  MULTIPAR:EF
 3648  MULTIPAR:BADEVENT
 3649  MULTIPAR:NOTHIT
 3650  MULTIPAR:COMPRESS
 3651  MULTIPAR:AHIT
 3652  MULTIPAR:GATE
 3653  MULTIPAR:SAVEI2
 3654  MULTIPAR:NSKIPS
 3655  MULTIPAR:EALLBETA
 3656  MULTIPAR:EFBF
 3720  MULTIPAR:SAVEI3
 3721  MULTIPAR:SAVEI4
 3722  MULTIPAR:SAVEM7
 3723  MULTIPAR:MCABIN
 3725  MULTIPAR:B0L
 3726  MULTIPAR:B0H
 3727  MULTIPAR:B1L
 3728  MULTIPAR:B1H
 3729  MULTIPAR:TSTART
 3730  MULTIPAR:TSTOP
 3731  MULTIPAR:MYENERGY
 3732  MULTIPAR:MYOPCODE
 3733  MULTIPAR:MYCOEFF
 3734  MULTIPAR:LL
 3737  MULTIPAR:REPCOUNT
 3738  TESTSEGS:INTMASK
 3739  TESTSEGS:DNLDACVALUE
 3740  TESTSEGS:ADCREG
 3741  TESTSEGS:OLDVALUE
 4096  INTVECT:EVENTBUFFER
 8156  INTVECT:BUFFER
